// Jest Snapshot v1, https://goo.gl/fbAQLP

exports[`renders a person 1`] = `
<div
  class="Person"
>
  <img
    alt="user avatar"
    class="Avatar"
    src="http://kentcdodds.com/photo-512.png"
    style="width:200px;height:200px;border-radius:100px"
  />
  <b>
    Kent C. Dodds
  </b>
  <em>
    JavaScript Developer
  </em>
  <ul>
    <li>
      <a
        class="Icon"
        href="https://twitter.com/kentcdodds"
        target="_blank"
      >
        <i
          class="fa fa-twitter"
        />
      </a>
    </li>
    <li>
      <a
        class="Icon"
        href="https://github.com/kentcdodds"
        target="_blank"
      >
        <i
          class="fa fa-github"
        />
      </a>
    </li>
  </ul>
</div>
`;
