// Jest Snapshot v1, https://goo.gl/fbAQLP

exports[`renders the StopWatch markup 1`] = `
<div
  style="text-align:center"
>
  <label
    style="font-size:5em;display:block"
  >
    0ms
  </label>
  <button
    style="border:1px solid #ccc;background:#fff;font-size:2em;padding:15px;margin:0 5px;width:200px"
  >
    Start
  </button>
  <button
    style="border:1px solid #ccc;background:#fff;font-size:2em;padding:15px;margin:0 5px;width:200px"
  >
    Clear
  </button>
</div>
`;
